// WARNING: This file is machine generated by fidlgen.

library fidl_test_name_async;

import 'dart:async' as $async;
import 'dart:core' hide Set;
import 'dart:developer';
import 'dart:typed_data';

import 'package:fidl/fidl.dart' as $fidl;
import 'package:meta/meta.dart';
import 'package:zircon/zircon.dart' as $zx;

// ignore_for_file: always_specify_types
// ignore_for_file: avoid_positional_boolean_parameters
// ignore_for_file: avoid_returning_null
// ignore_for_file: cascade_invocations
// ignore_for_file: constant_identifier_names
// ignore_for_file: one_member_abstracts
// ignore_for_file: prefer_constructors_over_static_methods
// ignore_for_file: prefer_single_quotes
// ignore_for_file: public_member_api_docs
// ignore_for_file: unused_import
// ignore_for_file: unused_local_variable
// ignore_for_file: non_constant_identifier_names
// ignore_for_file: library_prefixes
// ignore_for_file: prefer_typing_uninitialized_variables
// ignore_for_file: avoid_js_rounded_ints
// ignore_for_file: unnecessary_parenthesis
// ignore_for_file: always_put_required_named_parameters_first
// ignore_for_file: prefer_generic_function_type_aliases
// ignore_for_file: prefer_equal_for_default_values
// ignore_for_file: avoid_catches_without_on_clauses
// ignore_for_file: unused_shown_name
// ignore_for_file: unnecessary_lambdas
// ignore_for_file: comment_references

const bool enabledFlag = true;

const int offset = -33;

const int answer = 0x2a;

const int answerInBinary = 0x2a;

const int populationUsa2018 = 0x13ab6680;

const int diamond = 0x183c7effff7e3c18;

const int fuchsia = 0x3844828282453906;

const String username = "\"squeenze\"";

const double minTemp = -273.15;

const double conversionFactor = 1.41421;

// ignore: unused_element, avoid_private_typedef_functions
typedef _VoidCallback = void Function();
