{
  "version": "0.0.1",
  "name": "test.name",
  "maybe_attributes": [
    {
      "name": "Doc",
      "value": " library comment #1\n\n library comment #2\n"
    }
  ],
  "library_dependencies": [],
  "bits_declarations": [],
  "const_declarations": [
    {
      "name": "test.name/C",
      "location": {
        "filename": "garnet/go/src/fidl/compiler/backend/typestest/doc_comments.test.fidl",
        "line": 9,
        "column": 13
      },
      "maybe_attributes": [
        {
          "name": "Doc",
          "value": " const comment #1\n\n const comment #3\n"
        }
      ],
      "type": {
        "kind": "primitive",
        "subtype": "int32"
      },
      "value": {
        "kind": "literal",
        "literal": {
          "kind": "numeric",
          "value": "4",
          "expression": "4"
        }
      }
    }
  ],
  "enum_declarations": [],
  "interface_declarations": [
    {
      "name": "test.name/Interface",
      "location": {
        "filename": "garnet/go/src/fidl/compiler/backend/typestest/doc_comments.test.fidl",
        "line": 44,
        "column": 10
      },
      "maybe_attributes": [
        {
          "name": "Doc",
          "value": " interface comment #1\n\n interface comment #3\n"
        }
      ],
      "methods": [
        {
          "ordinal": 4558601923455877120,
          "generated_ordinal": 6982550709377523448,
          "name": "Method",
          "location": {
            "filename": "garnet/go/src/fidl/compiler/backend/typestest/doc_comments.test.fidl",
            "line": 48,
            "column": 5
          },
          "has_request": true,
          "maybe_attributes": [
            {
              "name": "Doc",
              "value": " method comment #1\n\n method comment #3\n"
            }
          ],
          "maybe_request": [],
          "maybe_request_size": 16,
          "maybe_request_alignment": 8,
          "maybe_request_has_padding": false,
          "experimental_maybe_request_has_flexible_envelope": false,
          "maybe_request_type_shape_old": {
            "inline_size": 16,
            "alignment": 8,
            "depth": 0,
            "max_handles": 0,
            "max_out_of_line": 0,
            "has_padding": false,
            "has_flexible_envelope": false,
            "contains_union": false
          },
          "maybe_request_type_shape_v1": {
            "inline_size": 16,
            "alignment": 8,
            "depth": 0,
            "max_handles": 0,
            "max_out_of_line": 0,
            "has_padding": false,
            "has_flexible_envelope": false,
            "contains_union": false
          },
          "maybe_request_type_shape_v1_no_ee": {
            "inline_size": 16,
            "alignment": 8,
            "depth": 0,
            "max_handles": 0,
            "max_out_of_line": 0,
            "has_padding": false,
            "has_flexible_envelope": false,
            "contains_union": false
          },
          "has_response": false,
          "is_composed": false
        },
        {
          "ordinal": 1399810299388755968,
          "generated_ordinal": 654361314665317613,
          "name": "OnEvent",
          "location": {
            "filename": "garnet/go/src/fidl/compiler/backend/typestest/doc_comments.test.fidl",
            "line": 53,
            "column": 8
          },
          "has_request": false,
          "maybe_attributes": [
            {
              "name": "Doc",
              "value": " event comment #1\n\n event comment #3\n"
            }
          ],
          "has_response": true,
          "maybe_response": [],
          "maybe_response_size": 16,
          "maybe_response_alignment": 8,
          "maybe_response_has_padding": false,
          "experimental_maybe_response_has_flexible_envelope": false,
          "maybe_response_type_shape_old": {
            "inline_size": 16,
            "alignment": 8,
            "depth": 0,
            "max_handles": 0,
            "max_out_of_line": 0,
            "has_padding": false,
            "has_flexible_envelope": false,
            "contains_union": false
          },
          "maybe_response_type_shape_v1": {
            "inline_size": 16,
            "alignment": 8,
            "depth": 0,
            "max_handles": 0,
            "max_out_of_line": 0,
            "has_padding": false,
            "has_flexible_envelope": false,
            "contains_union": false
          },
          "maybe_response_type_shape_v1_no_ee": {
            "inline_size": 16,
            "alignment": 8,
            "depth": 0,
            "max_handles": 0,
            "max_out_of_line": 0,
            "has_padding": false,
            "has_flexible_envelope": false,
            "contains_union": false
          },
          "is_composed": false
        }
      ]
    }
  ],
  "service_declarations": [
    {
      "name": "test.name/Service",
      "location": {
        "filename": "garnet/go/src/fidl/compiler/backend/typestest/doc_comments.test.fidl",
        "line": 59,
        "column": 9
      },
      "maybe_attributes": [
        {
          "name": "Doc",
          "value": " service comment #1\n\n service comment #3\n"
        }
      ],
      "members": [
        {
          "type": {
            "kind": "identifier",
            "identifier": "test.name/Interface",
            "nullable": false
          },
          "name": "interface",
          "location": {
            "filename": "garnet/go/src/fidl/compiler/backend/typestest/doc_comments.test.fidl",
            "line": 63,
            "column": 15
          },
          "maybe_attributes": [
            {
              "name": "Doc",
              "value": " member comment #1\n\n member comment #3\n"
            }
          ]
        }
      ]
    }
  ],
  "struct_declarations": [
    {
      "name": "test.name/Struct",
      "location": {
        "filename": "garnet/go/src/fidl/compiler/backend/typestest/doc_comments.test.fidl",
        "line": 14,
        "column": 8
      },
      "anonymous": false,
      "maybe_attributes": [
        {
          "name": "Doc",
          "value": " struct comment #1\n\n struct comment #3\n"
        }
      ],
      "members": [
        {
          "type": {
            "kind": "primitive",
            "subtype": "int32"
          },
          "name": "Field",
          "location": {
            "filename": "garnet/go/src/fidl/compiler/backend/typestest/doc_comments.test.fidl",
            "line": 18,
            "column": 11
          },
          "maybe_attributes": [
            {
              "name": "Doc",
              "value": " struct member comment #1\n\n struct member comment #3\n"
            }
          ],
          "size": 4,
          "max_out_of_line": 0,
          "alignment": 4,
          "offset": 0,
          "max_handles": 0,
          "field_shape_old": {
            "offset": 0,
            "padding": 0
          },
          "field_shape_v1": {
            "offset": 0,
            "padding": 0
          },
          "field_shape_v1_no_ee": {
            "offset": 0,
            "padding": 0
          }
        }
      ],
      "size": 4,
      "max_out_of_line": 0,
      "alignment": 4,
      "max_handles": 0,
      "has_padding": false,
      "type_shape_old": {
        "inline_size": 4,
        "alignment": 4,
        "depth": 0,
        "max_handles": 0,
        "max_out_of_line": 0,
        "has_padding": false,
        "has_flexible_envelope": false,
        "contains_union": false
      },
      "type_shape_v1": {
        "inline_size": 4,
        "alignment": 4,
        "depth": 0,
        "max_handles": 0,
        "max_out_of_line": 0,
        "has_padding": false,
        "has_flexible_envelope": false,
        "contains_union": false
      },
      "type_shape_v1_no_ee": {
        "inline_size": 4,
        "alignment": 4,
        "depth": 0,
        "max_handles": 0,
        "max_out_of_line": 0,
        "has_padding": false,
        "has_flexible_envelope": false,
        "contains_union": false
      }
    }
  ],
  "table_declarations": [
    {
      "name": "test.name/Table",
      "location": {
        "filename": "garnet/go/src/fidl/compiler/backend/typestest/doc_comments.test.fidl",
        "line": 34,
        "column": 7
      },
      "maybe_attributes": [
        {
          "name": "Doc",
          "value": " table comment #1\n\n table comment #3\n"
        }
      ],
      "members": [
        {
          "ordinal": 1,
          "reserved": false,
          "type": {
            "kind": "primitive",
            "subtype": "int32"
          },
          "name": "Field",
          "location": {
            "filename": "garnet/go/src/fidl/compiler/backend/typestest/doc_comments.test.fidl",
            "line": 38,
            "column": 14
          },
          "maybe_attributes": [
            {
              "name": "Doc",
              "value": " table field comment #1\n\n table field comment #3\n"
            }
          ],
          "size": 4,
          "max_out_of_line": 0,
          "alignment": 4,
          "max_handles": 0
        }
      ],
      "size": 16,
      "max_out_of_line": 24,
      "alignment": 8,
      "max_handles": 0,
      "strict": false,
      "type_shape_old": {
        "inline_size": 16,
        "alignment": 8,
        "depth": 2,
        "max_handles": 0,
        "max_out_of_line": 24,
        "has_padding": true,
        "has_flexible_envelope": true,
        "contains_union": false
      },
      "type_shape_v1": {
        "inline_size": 16,
        "alignment": 8,
        "depth": 2,
        "max_handles": 0,
        "max_out_of_line": 24,
        "has_padding": true,
        "has_flexible_envelope": true,
        "contains_union": false
      },
      "type_shape_v1_no_ee": {
        "inline_size": 16,
        "alignment": 8,
        "depth": 2,
        "max_handles": 0,
        "max_out_of_line": 24,
        "has_padding": true,
        "has_flexible_envelope": true,
        "contains_union": false
      }
    }
  ],
  "union_declarations": [
    {
      "name": "test.name/Union",
      "location": {
        "filename": "garnet/go/src/fidl/compiler/backend/typestest/doc_comments.test.fidl",
        "line": 24,
        "column": 7
      },
      "maybe_attributes": [
        {
          "name": "Doc",
          "value": " union comment #1\n\n union comment #3\n"
        }
      ],
      "members": [
        {
          "xunion_ordinal": 1,
          "reserved": false,
          "name": "Field",
          "type": {
            "kind": "primitive",
            "subtype": "int32"
          },
          "location": {
            "filename": "garnet/go/src/fidl/compiler/backend/typestest/doc_comments.test.fidl",
            "line": 28,
            "column": 14
          },
          "maybe_attributes": [
            {
              "name": "Doc",
              "value": " union member comment #1\n\n union member comment #3\n"
            }
          ],
          "size": 4,
          "max_out_of_line": 0,
          "alignment": 4,
          "offset": 4
        }
      ],
      "size": 8,
      "max_out_of_line": 0,
      "alignment": 4,
      "max_handles": 0,
      "type_shape_old": {
        "inline_size": 8,
        "alignment": 4,
        "depth": 0,
        "max_handles": 0,
        "max_out_of_line": 0,
        "has_padding": false,
        "has_flexible_envelope": false,
        "contains_union": true
      },
      "type_shape_v1": {
        "inline_size": 24,
        "alignment": 8,
        "depth": 1,
        "max_handles": 0,
        "max_out_of_line": 8,
        "has_padding": true,
        "has_flexible_envelope": false,
        "contains_union": true
      },
      "type_shape_v1_no_ee": {
        "inline_size": 24,
        "alignment": 8,
        "depth": 1,
        "max_handles": 0,
        "max_out_of_line": 8,
        "has_padding": true,
        "has_flexible_envelope": false,
        "contains_union": true
      }
    }
  ],
  "xunion_declarations": [],
  "type_alias_declarations": [],
  "declaration_order": [
    "test.name/Union",
    "test.name/Table",
    "test.name/Struct",
    "test.name/Interface",
    "test.name/Service",
    "test.name/C"
  ],
  "declarations": {
    "test.name/C": "const",
    "test.name/Interface": "interface",
    "test.name/Service": "service",
    "test.name/Struct": "struct",
    "test.name/Table": "table",
    "test.name/Union": "union"
  }
}
