{
  "version": "0.0.1",
  "name": "test.name",
  "library_dependencies": [],
  "bits_declarations": [],
  "const_declarations": [],
  "enum_declarations": [],
  "interface_declarations": [],
  "service_declarations": [],
  "struct_declarations": [
    {
      "name": "test.name/Empty",
      "location": {
        "filename": "garnet/go/src/fidl/compiler/backend/typestest/empty_struct.test.fidl",
        "line": 3,
        "column": 8
      },
      "anonymous": false,
      "members": [],
      "type_shape_v1": {
        "inline_size": 1,
        "alignment": 1,
        "depth": 0,
        "max_handles": 0,
        "max_out_of_line": 0,
        "has_padding": false,
        "has_flexible_envelope": false,
        "contains_union": false
      }
    }
  ],
  "table_declarations": [],
  "union_declarations": [],
  "xunion_declarations": [],
  "type_alias_declarations": [],
  "declaration_order": [
    "test.name/Empty"
  ],
  "declarations": {
    "test.name/Empty": "struct"
  }
}
