bits.test.json
bits.test.json_async.dart.golden
bits.test.json_test.dart.golden
byte_and_bytes.test.json
byte_and_bytes.test.json_async.dart.golden
byte_and_bytes.test.json_test.dart.golden
consts.test.json
consts.test.json_async.dart.golden
consts.test.json_test.dart.golden
doc_comments.test.json
doc_comments.test.json_async.dart.golden
doc_comments.test.json_test.dart.golden
empty_struct.test.json
empty_struct.test.json_async.dart.golden
empty_struct.test.json_test.dart.golden
enum.test.json
enum.test.json_async.dart.golden
enum.test.json_test.dart.golden
error.test.json
error.test.json_async.dart.golden
error.test.json_test.dart.golden
escaping.test.json
escaping.test.json_async.dart.golden
escaping.test.json_test.dart.golden
foreign_type_in_response_used_through_compose.test.json
foreign_type_in_response_used_through_compose.test.json_async.dart.golden
foreign_type_in_response_used_through_compose.test.json_test.dart.golden
handles_in_types.test.json
handles_in_types.test.json_async.dart.golden
handles_in_types.test.json_test.dart.golden
handles.test.json
handles.test.json_async.dart.golden
handles.test.json_test.dart.golden
inheritance.test.json
inheritance.test.json_async.dart.golden
inheritance.test.json_test.dart.golden
inheritance_with_recursive_decl.test.json
inheritance_with_recursive_decl.test.json_async.dart.golden
inheritance_with_recursive_decl.test.json_test.dart.golden
placement_of_attributes.test.json
placement_of_attributes.test.json_async.dart.golden
placement_of_attributes.test.json_test.dart.golden
protocol_request.test.json
protocol_request.test.json_async.dart.golden
protocol_request.test.json_test.dart.golden
protocols.test.json
protocols.test.json_async.dart.golden
protocols.test.json_test.dart.golden
request_flexible_envelope.test.json
request_flexible_envelope.test.json_async.dart.golden
request_flexible_envelope.test.json_test.dart.golden
service.test.json
service.test.json_async.dart.golden
service.test.json_test.dart.golden
struct_default_value_enum_library_reference.test.json
struct_default_value_enum_library_reference.test.json_async.dart.golden
struct_default_value_enum_library_reference.test.json_test.dart.golden
struct.test.json
struct.test.json_async.dart.golden
struct.test.json_test.dart.golden
table.test.json
table.test.json_async.dart.golden
table.test.json_test.dart.golden
transitive_dependencies_compose.test.json
transitive_dependencies_compose.test.json_async.dart.golden
transitive_dependencies_compose.test.json_test.dart.golden
transitive_dependencies.test.json
transitive_dependencies.test.json_async.dart.golden
transitive_dependencies.test.json_test.dart.golden
type_aliases.test.json
type_aliases.test.json_async.dart.golden
type_aliases.test.json_test.dart.golden
union_sandwich.test.json
union_sandwich.test.json_async.dart.golden
union_sandwich.test.json_test.dart.golden
union.test.json
union.test.json_async.dart.golden
union.test.json_test.dart.golden
xunion.test.json
xunion.test.json_async.dart.golden
xunion.test.json_test.dart.golden
