{
  "version": "0.0.1",
  "name": "fidl.test.handles",
  "library_dependencies": [],
  "bits_declarations": [],
  "const_declarations": [],
  "enum_declarations": [],
  "interface_declarations": [
    {
      "name": "fidl.test.handles/SomeProtocol",
      "location": {
        "filename": "handles.test.fidl",
        "line": 3,
        "column": 10
      },
      "methods": []
    }
  ],
  "service_declarations": [],
  "struct_declarations": [
    {
      "name": "fidl.test.handles/Handles",
      "location": {
        "filename": "handles.test.fidl",
        "line": 10,
        "column": 8
      },
      "anonymous": false,
      "members": [
        {
          "type": {
            "kind": "handle",
            "subtype": "handle",
            "rights": 2147483648,
            "nullable": false
          },
          "name": "plain_handle",
          "location": {
            "filename": "handles.test.fidl",
            "line": 11,
            "column": 12
          },
          "field_shape_v1": {
            "offset": 0,
            "padding": 0
          }
        },
        {
          "type": {
            "kind": "handle",
            "subtype": "bti",
            "rights": 2147483648,
            "nullable": false
          },
          "name": "bti_handle",
          "location": {
            "filename": "handles.test.fidl",
            "line": 13,
            "column": 17
          },
          "field_shape_v1": {
            "offset": 4,
            "padding": 0
          }
        },
        {
          "type": {
            "kind": "handle",
            "subtype": "channel",
            "rights": 2147483648,
            "nullable": false
          },
          "name": "channel_handle",
          "location": {
            "filename": "handles.test.fidl",
            "line": 14,
            "column": 21
          },
          "field_shape_v1": {
            "offset": 8,
            "padding": 0
          }
        },
        {
          "type": {
            "kind": "handle",
            "subtype": "clock",
            "rights": 2147483648,
            "nullable": false
          },
          "name": "clock_handle",
          "location": {
            "filename": "handles.test.fidl",
            "line": 15,
            "column": 19
          },
          "field_shape_v1": {
            "offset": 12,
            "padding": 0
          }
        },
        {
          "type": {
            "kind": "handle",
            "subtype": "debuglog",
            "rights": 2147483648,
            "nullable": false
          },
          "name": "debuglog_handle",
          "location": {
            "filename": "handles.test.fidl",
            "line": 16,
            "column": 22
          },
          "field_shape_v1": {
            "offset": 16,
            "padding": 0
          }
        },
        {
          "type": {
            "kind": "handle",
            "subtype": "event",
            "rights": 2147483648,
            "nullable": false
          },
          "name": "event_handle",
          "location": {
            "filename": "handles.test.fidl",
            "line": 17,
            "column": 19
          },
          "field_shape_v1": {
            "offset": 20,
            "padding": 0
          }
        },
        {
          "type": {
            "kind": "handle",
            "subtype": "eventpair",
            "rights": 2147483648,
            "nullable": false
          },
          "name": "eventpair_handle",
          "location": {
            "filename": "handles.test.fidl",
            "line": 18,
            "column": 23
          },
          "field_shape_v1": {
            "offset": 24,
            "padding": 0
          }
        },
        {
          "type": {
            "kind": "handle",
            "subtype": "exception",
            "rights": 2147483648,
            "nullable": false
          },
          "name": "exception_handle",
          "location": {
            "filename": "handles.test.fidl",
            "line": 19,
            "column": 23
          },
          "field_shape_v1": {
            "offset": 28,
            "padding": 0
          }
        },
        {
          "type": {
            "kind": "handle",
            "subtype": "fifo",
            "rights": 2147483648,
            "nullable": false
          },
          "name": "fifo_handle",
          "location": {
            "filename": "handles.test.fidl",
            "line": 20,
            "column": 18
          },
          "field_shape_v1": {
            "offset": 32,
            "padding": 0
          }
        },
        {
          "type": {
            "kind": "handle",
            "subtype": "guest",
            "rights": 2147483648,
            "nullable": false
          },
          "name": "guest_handle",
          "location": {
            "filename": "handles.test.fidl",
            "line": 21,
            "column": 19
          },
          "field_shape_v1": {
            "offset": 36,
            "padding": 0
          }
        },
        {
          "type": {
            "kind": "handle",
            "subtype": "interrupt",
            "rights": 2147483648,
            "nullable": false
          },
          "name": "interrupt_handle",
          "location": {
            "filename": "handles.test.fidl",
            "line": 22,
            "column": 23
          },
          "field_shape_v1": {
            "offset": 40,
            "padding": 0
          }
        },
        {
          "type": {
            "kind": "handle",
            "subtype": "iommu",
            "rights": 2147483648,
            "nullable": false
          },
          "name": "iommu_handle",
          "location": {
            "filename": "handles.test.fidl",
            "line": 23,
            "column": 19
          },
          "field_shape_v1": {
            "offset": 44,
            "padding": 0
          }
        },
        {
          "type": {
            "kind": "handle",
            "subtype": "job",
            "rights": 2147483648,
            "nullable": false
          },
          "name": "job_handle",
          "location": {
            "filename": "handles.test.fidl",
            "line": 24,
            "column": 17
          },
          "field_shape_v1": {
            "offset": 48,
            "padding": 0
          }
        },
        {
          "type": {
            "kind": "handle",
            "subtype": "pager",
            "rights": 2147483648,
            "nullable": false
          },
          "name": "pager_handle",
          "location": {
            "filename": "handles.test.fidl",
            "line": 25,
            "column": 19
          },
          "field_shape_v1": {
            "offset": 52,
            "padding": 0
          }
        },
        {
          "type": {
            "kind": "handle",
            "subtype": "pcidevice",
            "rights": 2147483648,
            "nullable": false
          },
          "name": "pcidevice_handle",
          "location": {
            "filename": "handles.test.fidl",
            "line": 26,
            "column": 23
          },
          "field_shape_v1": {
            "offset": 56,
            "padding": 0
          }
        },
        {
          "type": {
            "kind": "handle",
            "subtype": "pmt",
            "rights": 2147483648,
            "nullable": false
          },
          "name": "pmt_handle",
          "location": {
            "filename": "handles.test.fidl",
            "line": 27,
            "column": 17
          },
          "field_shape_v1": {
            "offset": 60,
            "padding": 0
          }
        },
        {
          "type": {
            "kind": "handle",
            "subtype": "port",
            "rights": 2147483648,
            "nullable": false
          },
          "name": "port_handle",
          "location": {
            "filename": "handles.test.fidl",
            "line": 28,
            "column": 18
          },
          "field_shape_v1": {
            "offset": 64,
            "padding": 0
          }
        },
        {
          "type": {
            "kind": "handle",
            "subtype": "process",
            "rights": 2147483648,
            "nullable": false
          },
          "name": "process_handle",
          "location": {
            "filename": "handles.test.fidl",
            "line": 29,
            "column": 21
          },
          "field_shape_v1": {
            "offset": 68,
            "padding": 0
          }
        },
        {
          "type": {
            "kind": "handle",
            "subtype": "profile",
            "rights": 2147483648,
            "nullable": false
          },
          "name": "profile_handle",
          "location": {
            "filename": "handles.test.fidl",
            "line": 30,
            "column": 21
          },
          "field_shape_v1": {
            "offset": 72,
            "padding": 0
          }
        },
        {
          "type": {
            "kind": "handle",
            "subtype": "resource",
            "rights": 2147483648,
            "nullable": false
          },
          "name": "resource_handle",
          "location": {
            "filename": "handles.test.fidl",
            "line": 31,
            "column": 22
          },
          "field_shape_v1": {
            "offset": 76,
            "padding": 0
          }
        },
        {
          "type": {
            "kind": "handle",
            "subtype": "socket",
            "rights": 2147483648,
            "nullable": false
          },
          "name": "socket_handle",
          "location": {
            "filename": "handles.test.fidl",
            "line": 32,
            "column": 20
          },
          "field_shape_v1": {
            "offset": 80,
            "padding": 0
          }
        },
        {
          "type": {
            "kind": "handle",
            "subtype": "suspendtoken",
            "rights": 2147483648,
            "nullable": false
          },
          "name": "suspendtoken_handle",
          "location": {
            "filename": "handles.test.fidl",
            "line": 33,
            "column": 26
          },
          "field_shape_v1": {
            "offset": 84,
            "padding": 0
          }
        },
        {
          "type": {
            "kind": "handle",
            "subtype": "thread",
            "rights": 2147483648,
            "nullable": false
          },
          "name": "thread_handle",
          "location": {
            "filename": "handles.test.fidl",
            "line": 34,
            "column": 20
          },
          "field_shape_v1": {
            "offset": 88,
            "padding": 0
          }
        },
        {
          "type": {
            "kind": "handle",
            "subtype": "timer",
            "rights": 2147483648,
            "nullable": false
          },
          "name": "timer_handle",
          "location": {
            "filename": "handles.test.fidl",
            "line": 35,
            "column": 19
          },
          "field_shape_v1": {
            "offset": 92,
            "padding": 0
          }
        },
        {
          "type": {
            "kind": "handle",
            "subtype": "vcpu",
            "rights": 2147483648,
            "nullable": false
          },
          "name": "vcpu_handle",
          "location": {
            "filename": "handles.test.fidl",
            "line": 36,
            "column": 18
          },
          "field_shape_v1": {
            "offset": 96,
            "padding": 0
          }
        },
        {
          "type": {
            "kind": "handle",
            "subtype": "vmar",
            "rights": 2147483648,
            "nullable": false
          },
          "name": "vmar_handle",
          "location": {
            "filename": "handles.test.fidl",
            "line": 37,
            "column": 18
          },
          "field_shape_v1": {
            "offset": 100,
            "padding": 0
          }
        },
        {
          "type": {
            "kind": "handle",
            "subtype": "vmo",
            "rights": 2147483648,
            "nullable": false
          },
          "name": "vmo_handle",
          "location": {
            "filename": "handles.test.fidl",
            "line": 38,
            "column": 17
          },
          "field_shape_v1": {
            "offset": 104,
            "padding": 0
          }
        },
        {
          "type": {
            "kind": "handle",
            "subtype": "vmo",
            "rights": 1,
            "nullable": false
          },
          "name": "rights_handle",
          "location": {
            "filename": "handles.test.fidl",
            "line": 40,
            "column": 20
          },
          "field_shape_v1": {
            "offset": 108,
            "padding": 0
          }
        },
        {
          "type": {
            "kind": "handle",
            "subtype": "handle",
            "rights": 2147483648,
            "nullable": false
          },
          "experimental_maybe_from_type_alias": {
            "name": "fidl.test.handles/aliased_plain_handle",
            "args": [],
            "nullable": false
          },
          "name": "aliased_plain_handle_field",
          "location": {
            "filename": "handles.test.fidl",
            "line": 42,
            "column": 26
          },
          "field_shape_v1": {
            "offset": 112,
            "padding": 0
          }
        },
        {
          "type": {
            "kind": "handle",
            "subtype": "handle",
            "rights": 2147483648,
            "nullable": false
          },
          "experimental_maybe_from_type_alias": {
            "name": "fidl.test.handles/aliased_subtype_handle",
            "args": [],
            "nullable": false
          },
          "name": "aliased_subtype_handle_field",
          "location": {
            "filename": "handles.test.fidl",
            "line": 43,
            "column": 28
          },
          "field_shape_v1": {
            "offset": 116,
            "padding": 0
          }
        },
        {
          "type": {
            "kind": "handle",
            "subtype": "handle",
            "rights": 1,
            "nullable": false
          },
          "experimental_maybe_from_type_alias": {
            "name": "fidl.test.handles/aliased_rights_handle",
            "args": [],
            "nullable": false
          },
          "name": "aliased_rights_handle_field",
          "location": {
            "filename": "handles.test.fidl",
            "line": 44,
            "column": 27
          },
          "field_shape_v1": {
            "offset": 120,
            "padding": 0
          }
        },
        {
          "type": {
            "kind": "identifier",
            "identifier": "fidl.test.handles/SomeProtocol",
            "nullable": false
          },
          "name": "some_protocol",
          "location": {
            "filename": "handles.test.fidl",
            "line": 46,
            "column": 18
          },
          "field_shape_v1": {
            "offset": 124,
            "padding": 0
          }
        },
        {
          "type": {
            "kind": "request",
            "subtype": "fidl.test.handles/SomeProtocol",
            "nullable": false
          },
          "name": "request_some_protocol",
          "location": {
            "filename": "handles.test.fidl",
            "line": 47,
            "column": 27
          },
          "field_shape_v1": {
            "offset": 128,
            "padding": 0
          }
        }
      ],
      "type_shape_v1": {
        "inline_size": 132,
        "alignment": 4,
        "depth": 0,
        "max_handles": 33,
        "max_out_of_line": 0,
        "has_padding": false,
        "has_flexible_envelope": false,
        "contains_union": false
      }
    }
  ],
  "table_declarations": [],
  "union_declarations": [],
  "xunion_declarations": [],
  "type_alias_declarations": [
    {
      "name": "fidl.test.handles/aliased_plain_handle",
      "location": {
        "filename": "handles.test.fidl",
        "line": 6,
        "column": 7
      },
      "partial_type_ctor": {
        "name": "handle",
        "args": [],
        "nullable": false
      }
    },
    {
      "name": "fidl.test.handles/aliased_subtype_handle",
      "location": {
        "filename": "handles.test.fidl",
        "line": 7,
        "column": 7
      },
      "partial_type_ctor": {
        "name": "handle",
        "args": [],
        "nullable": false,
        "maybe_handle_subtype": "vmo"
      }
    },
    {
      "name": "fidl.test.handles/aliased_rights_handle",
      "location": {
        "filename": "handles.test.fidl",
        "line": 8,
        "column": 7
      },
      "partial_type_ctor": {
        "name": "handle",
        "args": [],
        "nullable": false,
        "maybe_handle_subtype": "vmo",
        "handle_rights": {
          "kind": "literal",
          "value": "1",
          "expression": "1",
          "literal": {
            "kind": "numeric",
            "value": "1",
            "expression": "1"
          }
        }
      }
    }
  ],
  "declaration_order": [
    "fidl.test.handles/aliased_subtype_handle",
    "fidl.test.handles/aliased_rights_handle",
    "fidl.test.handles/aliased_plain_handle",
    "fidl.test.handles/Handles",
    "fidl.test.handles/SomeProtocol"
  ],
  "declarations": {
    "fidl.test.handles/SomeProtocol": "interface",
    "fidl.test.handles/Handles": "struct",
    "fidl.test.handles/aliased_plain_handle": "type_alias",
    "fidl.test.handles/aliased_subtype_handle": "type_alias",
    "fidl.test.handles/aliased_rights_handle": "type_alias"
  }
}
