{
  "version": "0.0.1",
  "name": "test.name",
  "library_dependencies": [],
  "bits_declarations": [],
  "const_declarations": [],
  "enum_declarations": [],
  "interface_declarations": [
    {
      "name": "test.name/Child",
      "location": {
        "filename": "garnet/go/src/fidl/compiler/backend/typestest/protocol_request.test.fidl",
        "line": 3,
        "column": 10
      },
      "methods": []
    },
    {
      "name": "test.name/Parent",
      "location": {
        "filename": "garnet/go/src/fidl/compiler/backend/typestest/protocol_request.test.fidl",
        "line": 6,
        "column": 10
      },
      "methods": [
        {
          "ordinal": 3932412583805452288,
          "generated_ordinal": 6332745893922832518,
          "name": "GetChild",
          "location": {
            "filename": "garnet/go/src/fidl/compiler/backend/typestest/protocol_request.test.fidl",
            "line": 7,
            "column": 5
          },
          "has_request": true,
          "maybe_request": [],
          "maybe_request_size": 16,
          "maybe_request_alignment": 8,
          "maybe_request_has_padding": false,
          "experimental_maybe_request_has_flexible_envelope": false,
          "maybe_request_type_shape_old": {
            "inline_size": 16,
            "alignment": 8,
            "depth": 0,
            "max_handles": 0,
            "max_out_of_line": 0,
            "has_padding": false,
            "has_flexible_envelope": false
          },
          "maybe_request_type_shape_v1_no_ee": {
            "inline_size": 16,
            "alignment": 8,
            "depth": 0,
            "max_handles": 0,
            "max_out_of_line": 0,
            "has_padding": false,
            "has_flexible_envelope": false
          },
          "has_response": true,
          "maybe_response": [
            {
              "type": {
                "kind": "identifier",
                "identifier": "test.name/Child",
                "nullable": false
              },
              "name": "c",
              "location": {
                "filename": "garnet/go/src/fidl/compiler/backend/typestest/protocol_request.test.fidl",
                "line": 7,
                "column": 26
              },
              "size": 4,
              "max_out_of_line": 0,
              "alignment": 4,
              "offset": 16,
              "max_handles": 1,
              "field_shape_old": {
                "offset": 16,
                "padding": 4
              },
              "field_shape_v1_no_ee": {
                "offset": 16,
                "padding": 4
              }
            }
          ],
          "maybe_response_size": 24,
          "maybe_response_alignment": 8,
          "maybe_response_has_padding": true,
          "experimental_maybe_response_has_flexible_envelope": false,
          "maybe_response_type_shape_old": {
            "inline_size": 24,
            "alignment": 8,
            "depth": 0,
            "max_handles": 1,
            "max_out_of_line": 0,
            "has_padding": true,
            "has_flexible_envelope": false
          },
          "maybe_response_type_shape_v1_no_ee": {
            "inline_size": 24,
            "alignment": 8,
            "depth": 0,
            "max_handles": 1,
            "max_out_of_line": 0,
            "has_padding": true,
            "has_flexible_envelope": false
          },
          "is_composed": false
        },
        {
          "ordinal": 4587704011968217088,
          "generated_ordinal": 26635226975931008,
          "name": "GetChildRequest",
          "location": {
            "filename": "garnet/go/src/fidl/compiler/backend/typestest/protocol_request.test.fidl",
            "line": 8,
            "column": 5
          },
          "has_request": true,
          "maybe_request": [],
          "maybe_request_size": 16,
          "maybe_request_alignment": 8,
          "maybe_request_has_padding": false,
          "experimental_maybe_request_has_flexible_envelope": false,
          "maybe_request_type_shape_old": {
            "inline_size": 16,
            "alignment": 8,
            "depth": 0,
            "max_handles": 0,
            "max_out_of_line": 0,
            "has_padding": false,
            "has_flexible_envelope": false
          },
          "maybe_request_type_shape_v1_no_ee": {
            "inline_size": 16,
            "alignment": 8,
            "depth": 0,
            "max_handles": 0,
            "max_out_of_line": 0,
            "has_padding": false,
            "has_flexible_envelope": false
          },
          "has_response": true,
          "maybe_response": [
            {
              "type": {
                "kind": "request",
                "subtype": "test.name/Child",
                "nullable": false
              },
              "name": "r",
              "location": {
                "filename": "garnet/go/src/fidl/compiler/backend/typestest/protocol_request.test.fidl",
                "line": 8,
                "column": 42
              },
              "size": 4,
              "max_out_of_line": 0,
              "alignment": 4,
              "offset": 16,
              "max_handles": 1,
              "field_shape_old": {
                "offset": 16,
                "padding": 4
              },
              "field_shape_v1_no_ee": {
                "offset": 16,
                "padding": 4
              }
            }
          ],
          "maybe_response_size": 24,
          "maybe_response_alignment": 8,
          "maybe_response_has_padding": true,
          "experimental_maybe_response_has_flexible_envelope": false,
          "maybe_response_type_shape_old": {
            "inline_size": 24,
            "alignment": 8,
            "depth": 0,
            "max_handles": 1,
            "max_out_of_line": 0,
            "has_padding": true,
            "has_flexible_envelope": false
          },
          "maybe_response_type_shape_v1_no_ee": {
            "inline_size": 24,
            "alignment": 8,
            "depth": 0,
            "max_handles": 1,
            "max_out_of_line": 0,
            "has_padding": true,
            "has_flexible_envelope": false
          },
          "is_composed": false
        },
        {
          "ordinal": 5478139633957076992,
          "generated_ordinal": 7680932945371199613,
          "name": "TakeChild",
          "location": {
            "filename": "garnet/go/src/fidl/compiler/backend/typestest/protocol_request.test.fidl",
            "line": 9,
            "column": 5
          },
          "has_request": true,
          "maybe_request": [
            {
              "type": {
                "kind": "identifier",
                "identifier": "test.name/Child",
                "nullable": false
              },
              "name": "c",
              "location": {
                "filename": "garnet/go/src/fidl/compiler/backend/typestest/protocol_request.test.fidl",
                "line": 9,
                "column": 21
              },
              "size": 4,
              "max_out_of_line": 0,
              "alignment": 4,
              "offset": 16,
              "max_handles": 1,
              "field_shape_old": {
                "offset": 16,
                "padding": 4
              },
              "field_shape_v1_no_ee": {
                "offset": 16,
                "padding": 4
              }
            }
          ],
          "maybe_request_size": 24,
          "maybe_request_alignment": 8,
          "maybe_request_has_padding": true,
          "experimental_maybe_request_has_flexible_envelope": false,
          "maybe_request_type_shape_old": {
            "inline_size": 24,
            "alignment": 8,
            "depth": 0,
            "max_handles": 1,
            "max_out_of_line": 0,
            "has_padding": true,
            "has_flexible_envelope": false
          },
          "maybe_request_type_shape_v1_no_ee": {
            "inline_size": 24,
            "alignment": 8,
            "depth": 0,
            "max_handles": 1,
            "max_out_of_line": 0,
            "has_padding": true,
            "has_flexible_envelope": false
          },
          "has_response": false,
          "is_composed": false
        },
        {
          "ordinal": 6828449318567936000,
          "generated_ordinal": 7803173423056840247,
          "name": "TakeChildRequest",
          "location": {
            "filename": "garnet/go/src/fidl/compiler/backend/typestest/protocol_request.test.fidl",
            "line": 10,
            "column": 5
          },
          "has_request": true,
          "maybe_request": [
            {
              "type": {
                "kind": "request",
                "subtype": "test.name/Child",
                "nullable": false
              },
              "name": "r",
              "location": {
                "filename": "garnet/go/src/fidl/compiler/backend/typestest/protocol_request.test.fidl",
                "line": 10,
                "column": 37
              },
              "size": 4,
              "max_out_of_line": 0,
              "alignment": 4,
              "offset": 16,
              "max_handles": 1,
              "field_shape_old": {
                "offset": 16,
                "padding": 4
              },
              "field_shape_v1_no_ee": {
                "offset": 16,
                "padding": 4
              }
            }
          ],
          "maybe_request_size": 24,
          "maybe_request_alignment": 8,
          "maybe_request_has_padding": true,
          "experimental_maybe_request_has_flexible_envelope": false,
          "maybe_request_type_shape_old": {
            "inline_size": 24,
            "alignment": 8,
            "depth": 0,
            "max_handles": 1,
            "max_out_of_line": 0,
            "has_padding": true,
            "has_flexible_envelope": false
          },
          "maybe_request_type_shape_v1_no_ee": {
            "inline_size": 24,
            "alignment": 8,
            "depth": 0,
            "max_handles": 1,
            "max_out_of_line": 0,
            "has_padding": true,
            "has_flexible_envelope": false
          },
          "has_response": false,
          "is_composed": false
        }
      ]
    }
  ],
  "service_declarations": [],
  "struct_declarations": [],
  "table_declarations": [],
  "union_declarations": [],
  "xunion_declarations": [],
  "type_alias_declarations": [],
  "declaration_order": [
    "test.name/Parent",
    "test.name/Child"
  ],
  "declarations": {
    "test.name/Child": "interface",
    "test.name/Parent": "interface"
  }
}
