// WARNING: This file is machine generated by fidlgen.

library fidl_example_async;

import 'dart:async' as $async;
import 'dart:core' hide Set;
import 'dart:developer';
import 'dart:typed_data';

import 'package:fidl/fidl.dart' as $fidl;
import 'package:meta/meta.dart';
import 'package:zircon/zircon.dart' as $zx;

import 'package:fidl_dependent/fidl_async.dart' as lib$dependent;
// ignore_for_file: always_specify_types
// ignore_for_file: avoid_positional_boolean_parameters
// ignore_for_file: avoid_returning_null
// ignore_for_file: cascade_invocations
// ignore_for_file: constant_identifier_names
// ignore_for_file: one_member_abstracts
// ignore_for_file: prefer_constructors_over_static_methods
// ignore_for_file: prefer_single_quotes
// ignore_for_file: public_member_api_docs
// ignore_for_file: unused_import
// ignore_for_file: unused_local_variable
// ignore_for_file: non_constant_identifier_names
// ignore_for_file: library_prefixes
// ignore_for_file: prefer_typing_uninitialized_variables
// ignore_for_file: avoid_js_rounded_ints
// ignore_for_file: unnecessary_parenthesis
// ignore_for_file: always_put_required_named_parameters_first
// ignore_for_file: prefer_generic_function_type_aliases
// ignore_for_file: prefer_equal_for_default_values
// ignore_for_file: avoid_catches_without_on_clauses
// ignore_for_file: unused_shown_name
// ignore_for_file: unnecessary_lambdas
// ignore_for_file: comment_references
// ignore_for_file: avoid_unused_constructor_parameters

class Foo extends $fidl.Struct {
  const Foo({
    this.field: lib$dependent.MyEnum.lib$dependent.a,
  });
  Foo.clone(
    Foo $orig, {
    lib$dependent.MyEnum field,
  }) : this(
          field: field ?? $orig.field,
        );

  Foo._(List<Object> argv) : field = argv[0];
  final lib$dependent.MyEnum field;

  @override
  List<Object> get $fields {
    return <Object>[
      field,
    ];
  }

  @override
  String toString() {
    // ignore: prefer_interpolation_to_compose_strings
    return r'Foo' r'(field: ' + field.toString() + r')';
  }

  static Foo _ctor(List<Object> argv) => Foo._(argv);
}

// See FIDL-308:
// ignore: recursive_compile_time_constant
const $fidl.StructType<Foo> kFoo_Type = $fidl.StructType<Foo>(
  inlineSize: 4,
  members: <$fidl.MemberType>[
    $fidl.MemberType<lib$dependent.MyEnum>(
        type: lib$dependent.kMyEnum_Type, offset: 0),
  ],
  ctor: Foo._ctor,
);

// ignore: unused_element, avoid_private_typedef_functions
typedef _VoidCallback = void Function();
