// WARNING: This file is machine generated by fidlgen.

library fidl_test_name_async;

import 'dart:async' as $async;
import 'dart:core' hide Set;
import 'dart:developer';
import 'dart:typed_data';

import 'package:fidl/fidl.dart' as $fidl;
import 'package:meta/meta.dart';
import 'package:zircon/zircon.dart' as $zx;

// ignore_for_file: always_specify_types
// ignore_for_file: avoid_positional_boolean_parameters
// ignore_for_file: avoid_returning_null
// ignore_for_file: cascade_invocations
// ignore_for_file: constant_identifier_names
// ignore_for_file: one_member_abstracts
// ignore_for_file: prefer_constructors_over_static_methods
// ignore_for_file: prefer_single_quotes
// ignore_for_file: public_member_api_docs
// ignore_for_file: unused_import
// ignore_for_file: unused_local_variable
// ignore_for_file: non_constant_identifier_names
// ignore_for_file: library_prefixes
// ignore_for_file: prefer_typing_uninitialized_variables
// ignore_for_file: avoid_js_rounded_ints
// ignore_for_file: unnecessary_parenthesis
// ignore_for_file: always_put_required_named_parameters_first
// ignore_for_file: prefer_generic_function_type_aliases
// ignore_for_file: prefer_equal_for_default_values
// ignore_for_file: avoid_catches_without_on_clauses
// ignore_for_file: unused_shown_name
// ignore_for_file: unnecessary_lambdas
// ignore_for_file: comment_references
// ignore_for_file: avoid_unused_constructor_parameters

class BasicStruct extends $fidl.Struct {
  const BasicStruct({
    @required this.x,
    @required this.y,
  });
  BasicStruct.clone(
    BasicStruct $orig, {
    int x,
    String y,
  }) : this(
          x: x ?? $orig.x,
          y: y ?? $orig.y,
        );

  BasicStruct._(List<Object> argv)
      : x = argv[0],
        y = argv[1];
  final int x;
  final String y;

  @override
  List<Object> get $fields {
    return <Object>[
      x,
      y,
    ];
  }

  @override
  String toString() {
    // ignore: prefer_interpolation_to_compose_strings
    return r'BasicStruct' r'(x: ' +
        x.toString() +
        r', y: ' +
        y.toString() +
        r')';
  }

  static BasicStruct _ctor(List<Object> argv) => BasicStruct._(argv);
}

// See FIDL-308:
// ignore: recursive_compile_time_constant
const $fidl.StructType<BasicStruct> kBasicStruct_Type =
    $fidl.StructType<BasicStruct>(
  inlineSize: 24,
  members: <$fidl.MemberType>[
    $fidl.MemberType<int>(type: $fidl.Uint32Type(), offset: 0),
    $fidl.MemberType<String>(
        type: $fidl.StringType(maybeElementCount: null, nullable: false),
        offset: 8),
  ],
  ctor: BasicStruct._ctor,
);

// ignore: unused_element, avoid_private_typedef_functions
typedef _VoidCallback = void Function();
