// WARNING: This file is machine generated by fidlgen.

library fidl_top_async;

import 'dart:async' as $async;
import 'dart:core' hide Set;
import 'dart:developer';
import 'dart:typed_data';

import 'package:fidl/fidl.dart' as $fidl;
import 'package:meta/meta.dart';
import 'package:zircon/zircon.dart' as $zx;

import 'package:fidl_middle/fidl_async.dart' as lib$middle;
// ignore_for_file: always_specify_types
// ignore_for_file: avoid_positional_boolean_parameters
// ignore_for_file: avoid_returning_null
// ignore_for_file: cascade_invocations
// ignore_for_file: constant_identifier_names
// ignore_for_file: one_member_abstracts
// ignore_for_file: prefer_constructors_over_static_methods
// ignore_for_file: prefer_single_quotes
// ignore_for_file: public_member_api_docs
// ignore_for_file: unused_import
// ignore_for_file: unused_local_variable
// ignore_for_file: non_constant_identifier_names
// ignore_for_file: library_prefixes
// ignore_for_file: prefer_typing_uninitialized_variables
// ignore_for_file: avoid_js_rounded_ints
// ignore_for_file: unnecessary_parenthesis
// ignore_for_file: always_put_required_named_parameters_first
// ignore_for_file: prefer_generic_function_type_aliases
// ignore_for_file: prefer_equal_for_default_values
// ignore_for_file: avoid_catches_without_on_clauses
// ignore_for_file: unused_shown_name
// ignore_for_file: unnecessary_lambdas
// ignore_for_file: comment_references
// ignore_for_file: avoid_unused_constructor_parameters

class Baz extends $fidl.Struct {
  const Baz({
    @required this.g,
  });
  Baz.clone(
    Baz $orig, {
    lib$middle.Bar g,
  }) : this(
          g: g ?? $orig.g,
        );

  Baz._(List<Object> argv) : g = argv[0];
  final lib$middle.Bar g;

  @override
  List<Object> get $fields {
    return <Object>[
      g,
    ];
  }

  @override
  String toString() {
    // ignore: prefer_interpolation_to_compose_strings
    return r'Baz' r'(g: ' + g.toString() + r')';
  }

  static Baz _ctor(List<Object> argv) => Baz._(argv);
}

// See FIDL-308:
// ignore: recursive_compile_time_constant
const $fidl.StructType<Baz> kBaz_Type = $fidl.StructType<Baz>(
  inlineSize: 4,
  members: <$fidl.MemberType>[
    $fidl.MemberType<lib$middle.Bar>(type: lib$middle.kBar_Type, offset: 0),
  ],
  ctor: Baz._ctor,
);

// ignore: unused_element, avoid_private_typedef_functions
typedef _VoidCallback = void Function();
