// WARNING: This file is machine generated by fidlgen.

library fidl_example_async;

import 'dart:async' as $async;
import 'dart:core' hide Set;
import 'dart:developer';
import 'dart:typed_data';

import 'package:fidl/fidl.dart' as $fidl;
import 'package:meta/meta.dart';
import 'package:zircon/zircon.dart' as $zx;

import 'package:fidl_someotherlibrary/fidl_async.dart' as lib$someotherlibrary;
// ignore_for_file: always_specify_types
// ignore_for_file: avoid_positional_boolean_parameters
// ignore_for_file: avoid_returning_null
// ignore_for_file: cascade_invocations
// ignore_for_file: constant_identifier_names
// ignore_for_file: one_member_abstracts
// ignore_for_file: prefer_constructors_over_static_methods
// ignore_for_file: prefer_single_quotes
// ignore_for_file: public_member_api_docs
// ignore_for_file: unused_import
// ignore_for_file: unused_local_variable
// ignore_for_file: non_constant_identifier_names
// ignore_for_file: library_prefixes
// ignore_for_file: prefer_typing_uninitialized_variables
// ignore_for_file: avoid_js_rounded_ints
// ignore_for_file: unnecessary_parenthesis
// ignore_for_file: always_put_required_named_parameters_first
// ignore_for_file: prefer_generic_function_type_aliases
// ignore_for_file: prefer_equal_for_default_values
// ignore_for_file: avoid_catches_without_on_clauses
// ignore_for_file: unused_shown_name
// ignore_for_file: unnecessary_lambdas
// ignore_for_file: comment_references
// ignore_for_file: avoid_unused_constructor_parameters

class ExampleOfUseOfAliases extends $fidl.Struct {
  const ExampleOfUseOfAliases({
    @required this.fieldOfU32,
    @required this.fieldOfVecAtMostFiveOfString,
    @required this.fieldOfVecAtMostFiveOfUint32,
    @required this.fieldOfVecOfStrings,
    @required this.fieldOfVecOfStringsAtMostNine,
    @required this.fieldOfVecOfStringsAtMost5,
    @required this.fieldOfVecAtMost5OfReferenceMe,
    @required this.fieldOfChannel,
    @required this.fieldOfClientEnd,
    this.fieldOfNullableClientEnd,
  });
  ExampleOfUseOfAliases.clone(
    ExampleOfUseOfAliases $orig, {
    int fieldOfU32,
    List<String> fieldOfVecAtMostFiveOfString,
    Uint32List fieldOfVecAtMostFiveOfUint32,
    List<String> fieldOfVecOfStrings,
    List<String> fieldOfVecOfStringsAtMostNine,
    List<String> fieldOfVecOfStringsAtMost5,
    List<lib$someotherlibrary.ReferenceMe> fieldOfVecAtMost5OfReferenceMe,
    $zx.Handle fieldOfChannel,
    $zx.Handle fieldOfClientEnd,
    $zx.Handle fieldOfNullableClientEnd,
  }) : this(
          fieldOfU32: fieldOfU32 ?? $orig.fieldOfU32,
          fieldOfVecAtMostFiveOfString: fieldOfVecAtMostFiveOfString ??
              $orig.fieldOfVecAtMostFiveOfString,
          fieldOfVecAtMostFiveOfUint32: fieldOfVecAtMostFiveOfUint32 ??
              $orig.fieldOfVecAtMostFiveOfUint32,
          fieldOfVecOfStrings: fieldOfVecOfStrings ?? $orig.fieldOfVecOfStrings,
          fieldOfVecOfStringsAtMostNine: fieldOfVecOfStringsAtMostNine ??
              $orig.fieldOfVecOfStringsAtMostNine,
          fieldOfVecOfStringsAtMost5:
              fieldOfVecOfStringsAtMost5 ?? $orig.fieldOfVecOfStringsAtMost5,
          fieldOfVecAtMost5OfReferenceMe: fieldOfVecAtMost5OfReferenceMe ??
              $orig.fieldOfVecAtMost5OfReferenceMe,
          fieldOfChannel: fieldOfChannel ?? $orig.fieldOfChannel,
          fieldOfClientEnd: fieldOfClientEnd ?? $orig.fieldOfClientEnd,
          fieldOfNullableClientEnd:
              fieldOfNullableClientEnd ?? $orig.fieldOfNullableClientEnd,
        );

  ExampleOfUseOfAliases.cloneWithout(
    ExampleOfUseOfAliases $orig, {
    bool fieldOfNullableClientEnd,
  }) : this(
          fieldOfU32: $orig.fieldOfU32,
          fieldOfVecAtMostFiveOfString: $orig.fieldOfVecAtMostFiveOfString,
          fieldOfVecAtMostFiveOfUint32: $orig.fieldOfVecAtMostFiveOfUint32,
          fieldOfVecOfStrings: $orig.fieldOfVecOfStrings,
          fieldOfVecOfStringsAtMostNine: $orig.fieldOfVecOfStringsAtMostNine,
          fieldOfVecOfStringsAtMost5: $orig.fieldOfVecOfStringsAtMost5,
          fieldOfVecAtMost5OfReferenceMe: $orig.fieldOfVecAtMost5OfReferenceMe,
          fieldOfChannel: $orig.fieldOfChannel,
          fieldOfClientEnd: $orig.fieldOfClientEnd,
          fieldOfNullableClientEnd:
              fieldOfNullableClientEnd ? null : $orig.fieldOfNullableClientEnd,
        );

  ExampleOfUseOfAliases._(List<Object> argv)
      : fieldOfU32 = argv[0],
        fieldOfVecAtMostFiveOfString = argv[1],
        fieldOfVecAtMostFiveOfUint32 = argv[2],
        fieldOfVecOfStrings = argv[3],
        fieldOfVecOfStringsAtMostNine = argv[4],
        fieldOfVecOfStringsAtMost5 = argv[5],
        fieldOfVecAtMost5OfReferenceMe = argv[6],
        fieldOfChannel = argv[7],
        fieldOfClientEnd = argv[8],
        fieldOfNullableClientEnd = argv[9];
  final int fieldOfU32;
  final List<String> fieldOfVecAtMostFiveOfString;
  final Uint32List fieldOfVecAtMostFiveOfUint32;
  final List<String> fieldOfVecOfStrings;
  final List<String> fieldOfVecOfStringsAtMostNine;
  final List<String> fieldOfVecOfStringsAtMost5;
  final List<lib$someotherlibrary.ReferenceMe> fieldOfVecAtMost5OfReferenceMe;
  final $zx.Handle fieldOfChannel;
  final $zx.Handle fieldOfClientEnd;
  final $zx.Handle fieldOfNullableClientEnd;

  @override
  List<Object> get $fields {
    return <Object>[
      fieldOfU32,
      fieldOfVecAtMostFiveOfString,
      fieldOfVecAtMostFiveOfUint32,
      fieldOfVecOfStrings,
      fieldOfVecOfStringsAtMostNine,
      fieldOfVecOfStringsAtMost5,
      fieldOfVecAtMost5OfReferenceMe,
      fieldOfChannel,
      fieldOfClientEnd,
      fieldOfNullableClientEnd,
    ];
  }

  @override
  String toString() {
    // ignore: prefer_interpolation_to_compose_strings
    return r'ExampleOfUseOfAliases' r'(fieldOfU32: ' +
        fieldOfU32.toString() +
        r', fieldOfVecAtMostFiveOfString: ' +
        fieldOfVecAtMostFiveOfString.toString() +
        r', fieldOfVecAtMostFiveOfUint32: ' +
        fieldOfVecAtMostFiveOfUint32.toString() +
        r', fieldOfVecOfStrings: ' +
        fieldOfVecOfStrings.toString() +
        r', fieldOfVecOfStringsAtMostNine: ' +
        fieldOfVecOfStringsAtMostNine.toString() +
        r', fieldOfVecOfStringsAtMost5: ' +
        fieldOfVecOfStringsAtMost5.toString() +
        r', fieldOfVecAtMost5OfReferenceMe: ' +
        fieldOfVecAtMost5OfReferenceMe.toString() +
        r', fieldOfChannel: ' +
        fieldOfChannel.toString() +
        r', fieldOfClientEnd: ' +
        fieldOfClientEnd.toString() +
        r', fieldOfNullableClientEnd: ' +
        fieldOfNullableClientEnd.toString() +
        r')';
  }

  static ExampleOfUseOfAliases _ctor(List<Object> argv) =>
      ExampleOfUseOfAliases._(argv);
}

// See FIDL-308:
// ignore: recursive_compile_time_constant
const $fidl.StructType<ExampleOfUseOfAliases> kExampleOfUseOfAliases_Type =
    $fidl.StructType<ExampleOfUseOfAliases>(
  inlineSize: 120,
  members: <$fidl.MemberType>[
    $fidl.MemberType<int>(type: $fidl.Uint32Type(), offset: 0),
    $fidl.MemberType<List<String>>(
        type: $fidl.VectorType<List<String>>(
            element: $fidl.StringType(maybeElementCount: null, nullable: false),
            maybeElementCount: 5,
            nullable: false),
        offset: 8),
    $fidl.MemberType<Uint32List>(
        type: $fidl.VectorType<Uint32List>(
            element: $fidl.Uint32Type(), maybeElementCount: 5, nullable: false),
        offset: 24),
    $fidl.MemberType<List<String>>(
        type: $fidl.VectorType<List<String>>(
            element: $fidl.StringType(maybeElementCount: null, nullable: false),
            maybeElementCount: null,
            nullable: false),
        offset: 40),
    $fidl.MemberType<List<String>>(
        type: $fidl.VectorType<List<String>>(
            element: $fidl.StringType(maybeElementCount: null, nullable: false),
            maybeElementCount: 9,
            nullable: false),
        offset: 56),
    $fidl.MemberType<List<String>>(
        type: $fidl.VectorType<List<String>>(
            element: $fidl.StringType(maybeElementCount: null, nullable: false),
            maybeElementCount: 5,
            nullable: false),
        offset: 72),
    $fidl.MemberType<List<lib$someotherlibrary.ReferenceMe>>(
        type: $fidl.VectorType<List<lib$someotherlibrary.ReferenceMe>>(
            element: lib$someotherlibrary.kReferenceMe_Type,
            maybeElementCount: 5,
            nullable: false),
        offset: 88),
    $fidl.MemberType<$zx.Handle>(
        type: $fidl.HandleType(nullable: false), offset: 104),
    $fidl.MemberType<$zx.Handle>(
        type: $fidl.HandleType(nullable: false), offset: 108),
    $fidl.MemberType<$zx.Handle>(
        type: $fidl.HandleType(nullable: true), offset: 112),
  ],
  ctor: ExampleOfUseOfAliases._ctor,
);

// ignore: unused_element, avoid_private_typedef_functions
typedef _VoidCallback = void Function();
